
> mandi-frontend@0.1.0 build
> vite build

[36mvite v8.0.0 [32mbuilding client environment for production...[36m[39m
[2K
transforming...Γ£ô 13 modules transformed.
node.exe : [31mΓ£ù[39m Build failed in 1.11s
At line:1 char:1
+ & "C:\Program Files\nodejs/node.exe" "C:\Program 
Files\nodejs/node_mo ...
+ ~~~~~~~~~~~~~~~~~~~~~~~~~~~~~~~~~~~~~~~~~~~~~~~~~~~~~~~~~~~~~~~~
~~~~~
    + CategoryInfo          : NotSpecified: ([31mΓ£ù[39m Build  
   failed in 1.11s:String) [], RemoteException
    + FullyQualifiedErrorId : NativeCommandError
 
[31merror during build:
[31mBuild failed with 1 error:

[31m[builtin:vite-transform] Error:[0m Unexpected token. Did 
you mean `{'}'}` or `&rbrace;`?
      [38;5;246mΓò¡[0m[38;5;246mΓöÇ[0m[38;5;246m[[0m 
src/App.jsx:6857:16 [38;5;246m][0m
      [38;5;246mΓöé[0m
 [38;5;246m6857 Γöé[0m [38;5;249m [0m[38;5;249m 
[0m[38;5;249m [0m[38;5;249m [0m[38;5;249m [0m[38;5;249m 
[0m[38;5;249m [0m[38;5;249m [0m[38;5;249m [0m[38;5;249m 
[0m[38;5;249m [0m[38;5;249m [0m[38;5;249m [0m[38;5;249m 
[0m[38;5;249m)[0m[38;5;249m}[0m
 [38;5;240m     Γöé[0m                Γöé 
 [38;5;240m     Γöé[0m                Γò░ΓöÇ 
[38;5;246mΓöÇΓöÇΓöÇΓöÇΓöÇΓöÇΓò»[0m
[31m
    at aggregateBindingErrorsIntoJsError (file:///C:/Users/sailo/D
esktop/mandi-frontend/node_modules/rolldown/dist/shared/error-CP8s
mW_P.mjs:48:18)
    at unwrapBindingResult (file:///C:/Users/sailo/Desktop/mandi-f
rontend/node_modules/rolldown/dist/shared/error-CP8smW_P.mjs:18:12
8)
    at #build (file:///C:/Users/sailo/Desktop/mandi-frontend/node_
modules/rolldown/dist/shared/rolldown-build-4YnQkA76.mjs:3311:34)
    at async buildEnvironment (file:///C:/Users/sailo/Desktop/mand
i-frontend/node_modules/vite/dist/node/chunks/node.js:32794:64)
    at async Object.build (file:///C:/Users/sailo/Desktop/mandi-fr
ontend/node_modules/vite/dist/node/chunks/node.js:33216:19)
    at async Object.buildApp (file:///C:/Users/sailo/Desktop/mandi
-frontend/node_modules/vite/dist/node/chunks/node.js:33213:153)
    at async CAC.<anonymous> (file:///C:/Users/sailo/Desktop/mandi
-frontend/node_modules/vite/dist/node/cli.js:778:3) {
  errors: [Getter/Setter]
}[39m
